

HI-TECH Software 8051 Macro Assembler V9.60                                Page 1
                                                       Wed Jun 05 19:03:31 2024

     1                           	psect	idata,class=DATA,space=1,limit=080h
     2                           	psect	irdata,class=DATA,limit=080h
     3                           	global	_main
     4                           	signat	_main,88
     5                           	global	stack_internal
     6                           	psect	text,class=CODE
     7                           	psect	text
     8                           	file	"E:\WSPR5\project1\main.c"
     9                           	line	3
    10  00109                     _main:
    11  00109  02 0229            	j	f1411
    12  0010C                     f1410:
    13                           ;main.c: 3: void main() {
    14                           
    15                           ;	var   _i assigned to ?a_main+0
    16                           	psect	data,class=CODE
    17                           	psect	data
    18  00100                     F158:
    19  00100  41                 	db	(65)
    20  00101  42                 	db	(66)
    21  00102  43                 	db	(67)
    22  00103  44                 	db	(68)
    23  00104  45                 	db	(69)
    24  00105  46                 	db	(70)
    25  00106  47                 	db	(71)
    26  00107  20                 	db	(32)
    27  00108  00                 	db	0
    28                           ;	var   _keys assigned to ?a_main+2
    29                           ;main.c: 4: int i;
    30                           
    31                           ;main.c: 5: char keys[3][3] = {{'A', 'B', 'C'},
    32                           
    33                           ;main.c: 6: {'D', 'E', 'F'},
    34                           
    35                           ;main.c: 7: {'G', ' ', }};
    36                           
    37                           	psect	text
    38                           	line	7
    39  0010C  78 01              	mov	r0,#high (F158)
    40  0010E  79 00              	mov	r1,#low (F158)
    41  00110  7A 00              	mov	r2,#high (?a_main+2)
    42  00112  7B 22              	mov	r3,#low (?a_main+2)
    43  00114  7D 09              	mov	r5,#low 9
    44  00116  7C 00              	mov	r4,#high 9
    45                           	global	str_copy
    46  00118  12 0019            	lcall	str_copy
    47                           ;main.c: 8: P0 = 0x38;
    48                           
    49                           	line	8
    50  0011B  75 80 38           	mov	080h,#56
    51                           ;main.c: 9: P2 = 0x1;
    52                           
    53                           	line	9
    54  0011E  75 A0 01           	mov	0A0h,#1
    55                           ;main.c: 10: P2 = 0x0;
    56                           
    57                           	line	10
    58  00121  75 A0 00           	mov	0A0h,#0
    59                           ;main.c: 11: P0 = 0x80;
    60                           
    61                           	line	11
    62  00124  75 80 80           	mov	080h,#128
    63                           ;main.c: 12: P2 = 0x1;
    64                           
    65                           	line	12
    66  00127  75 A0 01           	mov	0A0h,#1
    67                           ;main.c: 13: P2 = 0x0;
    68                           
    69                           	line	13
    70  0012A  75 A0 00           	mov	0A0h,#0
    71                           ;main.c: 14: P3 = 0x0;
    72                           
    73                           	line	14
    74  0012D  75 B0 00           	mov	0B0h,#0
    75                           ;main.c: 16: while(1) {
    76                           
    77                           	line	16
    78  00130                     l5:
    79                           ;main.c: 17: P10 = 0;
    80                           
    81                           	line	17
    82  00130  C2 90              	clr	p1.0
    83                           ;main.c: 18: if (P13 == 0) {P0 = keys[0][2]; P2 
                                 = 0x3; P2 = 0x2; while(P13 == 0);}
    84                           
    85                           	line	18
    86  00132  20 93 02           	bb	p1.3, u11
    87  00135  80 02              	jmp	u10
    88  00137                     u11:
    89  00137  80 13              	jmp	l7
    90  00139                     u10:
    91  00139  79 24              	mov	r1,#?a_main+2+02h
    92  0013B  87 80              	mov	080h,@r1
    93  0013D  75 A0 03           	mov	0A0h,#3
    94  00140  75 A0 02           	mov	0A0h,#2
    95  00143  80 00              	jmp	l8
    96  00145                     l9:
    97  00145                     l8:
    98  00145  30 93 02           	bnb	p1.3, u21
    99  00148  80 02              	jmp	u20
   100  0014A                     u21:
   101  0014A  80 F9              	jmp	l9
   102  0014C                     u20:
   103  0014C                     l10:
   104  0014C                     l7:
   105                           ;main.c: 19: if (P14 == 0) {P0 = keys[0][1]; P2 
                                 = 0x3; P2 = 0x2; while(P14 == 0);}
   106                           
   107                           	line	19
   108  0014C  20 94 02           	bb	p1.4, u31
   109  0014F  80 02              	jmp	u30
   110  00151                     u31:
   111  00151  80 13              	jmp	l11
   112  00153                     u30:
   113  00153  79 23              	mov	r1,#?a_main+2+01h
   114  00155  87 80              	mov	080h,@r1
   115  00157  75 A0 03           	mov	0A0h,#3
   116  0015A  75 A0 02           	mov	0A0h,#2
   117  0015D  80 00              	jmp	l12
   118  0015F                     l13:
   119  0015F                     l12:
   120  0015F  30 94 02           	bnb	p1.4, u41
   121  00162  80 02              	jmp	u40
   122  00164                     u41:
   123  00164  80 F9              	jmp	l13
   124  00166                     u40:
   125  00166                     l14:
   126  00166                     l11:
   127                           ;main.c: 20: if (P15 == 0) {P0 = keys[0][0]; P2 
                                 = 0x3; P2 = 0x2; while(P15 == 0);}
   128                           
   129                           	line	20
   130  00166  20 95 02           	bb	p1.5, u51
   131  00169  80 02              	jmp	u50
   132  0016B                     u51:
   133  0016B  80 13              	jmp	l15
   134  0016D                     u50:
   135  0016D  79 22              	mov	r1,#?a_main+2
   136  0016F  87 80              	mov	080h,@r1
   137  00171  75 A0 03           	mov	0A0h,#3
   138  00174  75 A0 02           	mov	0A0h,#2
   139  00177  80 00              	jmp	l16
   140  00179                     l17:
   141  00179                     l16:
   142  00179  30 95 02           	bnb	p1.5, u61
   143  0017C  80 02              	jmp	u60
   144  0017E                     u61:
   145  0017E  80 F9              	jmp	l17
   146  00180                     u60:
   147  00180                     l18:
   148  00180                     l15:
   149                           ;main.c: 21: P10 = 1;
   150                           
   151                           	line	21
   152  00180  D2 90              	setb	p1.0
   153                           ;main.c: 23: P11 = 0;
   154                           
   155                           	line	23
   156  00182  C2 91              	clr	p1.1
   157                           ;main.c: 24: if (P13 == 0) {P0 = keys[1][1]; P2 
                                 = 0x3; P2 = 0x2; while(P14 == 0);}
   158                           
   159                           	line	24
   160  00184  20 93 02           	bb	p1.3, u71
   161  00187  80 02              	jmp	u70
   162  00189                     u71:
   163  00189  80 13              	jmp	l19
   164  0018B                     u70:
   165  0018B  79 26              	mov	r1,#?a_main+2+04h
   166  0018D  87 80              	mov	080h,@r1
   167  0018F  75 A0 03           	mov	0A0h,#3
   168  00192  75 A0 02           	mov	0A0h,#2
   169  00195  80 00              	jmp	l20
   170  00197                     l21:
   171  00197                     l20:
   172  00197  30 94 02           	bnb	p1.4, u81
   173  0019A  80 02              	jmp	u80
   174  0019C                     u81:
   175  0019C  80 F9              	jmp	l21
   176  0019E                     u80:
   177  0019E                     l22:
   178  0019E                     l19:
   179                           ;main.c: 25: if (P15 == 0) {P0 = keys[1][2]; P2 
                                 = 0x3; P2 = 0x2; while(P13 == 0);}
   180                           
   181                           	line	25
   182  0019E  20 95 02           	bb	p1.5, u91
   183  001A1  80 02              	jmp	u90
   184  001A3                     u91:
   185  001A3  80 13              	jmp	l23
   186  001A5                     u90:
   187  001A5  79 27              	mov	r1,#?a_main+2+05h
   188  001A7  87 80              	mov	080h,@r1
   189  001A9  75 A0 03           	mov	0A0h,#3
   190  001AC  75 A0 02           	mov	0A0h,#2
   191  001AF  80 00              	jmp	l24
   192  001B1                     l25:
   193  001B1                     l24:
   194  001B1  30 93 02           	bnb	p1.3, u101
   195  001B4  80 02              	jmp	u100
   196  001B6                     u101:
   197  001B6  80 F9              	jmp	l25
   198  001B8                     u100:
   199  001B8                     l26:
   200  001B8                     l23:
   201                           ;main.c: 26: if (P14 == 0) {P0 = keys[1][0]; P2 
                                 = 0x3; P2 = 0x2; while(P15 == 0);}
   202                           
   203                           	line	26
   204  001B8  20 94 02           	bb	p1.4, u111
   205  001BB  80 02              	jmp	u110
   206  001BD                     u111:
   207  001BD  80 13              	jmp	l27
   208  001BF                     u110:
   209  001BF  79 25              	mov	r1,#?a_main+2+03h
   210  001C1  87 80              	mov	080h,@r1
   211  001C3  75 A0 03           	mov	0A0h,#3
   212  001C6  75 A0 02           	mov	0A0h,#2
   213  001C9  80 00              	jmp	l28
   214  001CB                     l29:
   215  001CB                     l28:
   216  001CB  30 95 02           	bnb	p1.5, u121
   217  001CE  80 02              	jmp	u120
   218  001D0                     u121:
   219  001D0  80 F9              	jmp	l29
   220  001D2                     u120:
   221  001D2                     l30:
   222  001D2                     l27:
   223                           ;main.c: 27: P11 = 1;
   224                           
   225                           	line	27
   226  001D2  D2 91              	setb	p1.1
   227                           ;main.c: 29: P12 = 0;
   228                           
   229                           	line	29
   230  001D4  C2 92              	clr	p1.2
   231                           ;main.c: 30: if (P13 == 0) {P0 = 0x01; P2 = 0x1;
                                  P2 = 0x0; while(P13 == 0);}
   232                           
   233                           	line	30
   234  001D6  20 93 02           	bb	p1.3, u131
   235  001D9  80 02              	jmp	u130
   236  001DB                     u131:
   237  001DB  80 12              	jmp	l31
   238  001DD                     u130:
   239  001DD  75 80 01           	mov	080h,#1
   240  001E0  75 A0 01           	mov	0A0h,#1
   241  001E3  75 A0 00           	mov	0A0h,#0
   242  001E6  80 00              	jmp	l32
   243  001E8                     l33:
   244  001E8                     l32:
   245  001E8  30 93 02           	bnb	p1.3, u141
   246  001EB  80 02              	jmp	u140
   247  001ED                     u141:
   248  001ED  80 F9              	jmp	l33
   249  001EF                     u140:
   250  001EF                     l34:
   251  001EF                     l31:
   252                           ;main.c: 31: if (P14 == 0) {P0 = keys[2][1]; P2 
                                 = 0x3; P2 = 0x2; while(P14 == 0);}
   253                           
   254                           	line	31
   255  001EF  20 94 02           	bb	p1.4, u151
   256  001F2  80 02              	jmp	u150
   257  001F4                     u151:
   258  001F4  80 13              	jmp	l35
   259  001F6                     u150:
   260  001F6  79 29              	mov	r1,#?a_main+2+07h
   261  001F8  87 80              	mov	080h,@r1
   262  001FA  75 A0 03           	mov	0A0h,#3
   263  001FD  75 A0 02           	mov	0A0h,#2
   264  00200  80 00              	jmp	l36
   265  00202                     l37:
   266  00202                     l36:
   267  00202  30 94 02           	bnb	p1.4, u161
   268  00205  80 02              	jmp	u160
   269  00207                     u161:
   270  00207  80 F9              	jmp	l37
   271  00209                     u160:
   272  00209                     l38:
   273  00209                     l35:
   274                           ;main.c: 32: if (P15 == 0) {P0 = keys[2][0]; P2 
                                 = 0x3; P2 = 0x2; while(P15 == 0);}
   275                           
   276                           	line	32
   277  00209  20 95 02           	bb	p1.5, u171
   278  0020C  80 02              	jmp	u170
   279  0020E                     u171:
   280  0020E  80 13              	jmp	l39
   281  00210                     u170:
   282  00210  79 28              	mov	r1,#?a_main+2+06h
   283  00212  87 80              	mov	080h,@r1
   284  00214  75 A0 03           	mov	0A0h,#3
   285  00217  75 A0 02           	mov	0A0h,#2
   286  0021A  80 00              	jmp	l40
   287  0021C                     l41:
   288  0021C                     l40:
   289  0021C  30 95 02           	bnb	p1.5, u181
   290  0021F  80 02              	jmp	u180
   291  00221                     u181:
   292  00221  80 F9              	jmp	l41
   293  00223                     u180:
   294  00223                     l42:
   295  00223                     l39:
   296                           ;main.c: 34: P12 = 1;
   297                           
   298                           	line	34
   299  00223  D2 92              	setb	p1.2
   300                           	line	35
   301  00225                     l4:
   302                           	line	16
   303  00225  02 0130            	jmp	l5
   304  00228                     l6:
   305                           ;main.c: 35: }
   306                           
   307                           ;main.c: 36: }
   308                           
   309                           	line	36
   310  00228                     l3:
   311  00228  22                 	ret
   312  00229                     f1411:
   313  00229  02 010C            	j	f1410
   314                           	FNSIZE	_main,11,0
   315                           	global	?a_main
   316  0000                     f1412	equ	0
   317  0000                     _A10	equ	162
   318  0000                     _A11	equ	163
   319  0000                     _A12	equ	164
   320  0000                     _A13	equ	165
   321  0000                     _A14	equ	166
   322  0000                     _A15	equ	167
   323  0000                     _A8	equ	160
   324  0000                     _A9	equ	161
   325  0000                     _AC	equ	214
   326  0000                     _ACC0	equ	224
   327  0000                     _ACC1	equ	225
   328  0000                     _ACC2	equ	226
   329  0000                     _ACC3	equ	227
   330  0000                     _ACC4	equ	228
   331  0000                     _ACC5	equ	229
   332  0000                     _ACC6	equ	230
   333  0000                     _ACC7	equ	231
   334  0000                     _AD0	equ	128
   335  0000                     _AD1	equ	129
   336  0000                     _AD2	equ	130
   337  0000                     _AD3	equ	131
   338  0000                     _AD4	equ	132
   339  0000                     _AD5	equ	133
   340  0000                     _AD6	equ	134
   341  0000                     _AD7	equ	135
   342  0000                     _B0	equ	240
   343  0000                     _B1	equ	241
   344  0000                     _B2	equ	242
   345  0000                     _B3	equ	243
   346  0000                     _B4	equ	244
   347  0000                     _B5	equ	245
   348  0000                     _B6	equ	246
   349  0000                     _B7	equ	247
   350  0000                     _CY	equ	215
   351  0000                     _EA	equ	175
   352  0000                     _ES	equ	172
   353  0000                     _ET0	equ	169
   354  0000                     _ET1	equ	171
   355  0000                     _EX0	equ	168
   356  0000                     _EX1	equ	170
   357  0000                     _F0	equ	213
   358  0000                     _IE0	equ	137
   359  0000                     _IE1	equ	139
   360  0000                     _INT0	equ	178
   361  0000                     _INT1	equ	179
   362  0000                     _IT0	equ	136
   363  0000                     _IT1	equ	138
   364  0000                     _OV	equ	210
   365  0000                     _P	equ	208
   366  0000                     _P00	equ	128
   367  0000                     _P01	equ	129
   368  0000                     _P02	equ	130
   369  0000                     _P03	equ	131
   370  0000                     _P04	equ	132
   371  0000                     _P05	equ	133
   372  0000                     _P06	equ	134
   373  0000                     _P07	equ	135
   374  0000                     _P10	equ	144
   375  0000                     _P11	equ	145
   376  0000                     _P12	equ	146
   377  0000                     _P13	equ	147
   378  0000                     _P14	equ	148
   379  0000                     _P15	equ	149
   380  0000                     _P16	equ	150
   381  0000                     _P17	equ	151
   382  0000                     _P20	equ	160
   383  0000                     _P21	equ	161
   384  0000                     _P22	equ	162
   385  0000                     _P23	equ	163
   386  0000                     _P24	equ	164
   387  0000                     _P25	equ	165
   388  0000                     _P26	equ	166
   389  0000                     _P27	equ	167
   390  0000                     _P30	equ	176
   391  0000                     _P31	equ	177
   392  0000                     _P32	equ	178
   393  0000                     _P33	equ	179
   394  0000                     _P34	equ	180
   395  0000                     _P35	equ	181
   396  0000                     _P36	equ	182
   397  0000                     _P37	equ	183
   398  0000                     _PS	equ	188
   399  0000                     _PT0	equ	185
   400  0000                     _PT1	equ	187
   401  0000                     _PX0	equ	184
   402  0000                     _PX1	equ	186
   403  0000                     _RB8	equ	154
   404  0000                     _RD	equ	183
   405  0000                     _REN	equ	156
   406  0000                     _RI	equ	152
   407  0000                     _RS0	equ	211
   408  0000                     _RS1	equ	212
   409  0000                     _RXD	equ	176
   410  0000                     _SM0	equ	159
   411  0000                     _SM1	equ	158
   412  0000                     _SM2	equ	157
   413  0000                     _T0	equ	180
   414  0000                     _T1	equ	181
   415  0000                     _TB8	equ	155
   416  0000                     _TF0	equ	141
   417  0000                     _TF1	equ	143
   418  0000                     _TI	equ	153
   419  0000                     _TR0	equ	140
   420  0000                     _TR1	equ	142
   421  0000                     _TXD	equ	177
   422  0000                     _WR	equ	182
   423  0000                     _ACC	equ	224
   424  0000                     _B	equ	240
   425  0000                     _DPH	equ	131
   426  0000                     _DPL	equ	130
   427  0000                     _IE	equ	168
   428  0000                     _IP	equ	184
   429  0000                     _P0	equ	128
   430  0000                     _P1	equ	144
   431  0000                     _P2	equ	160
   432  0000                     _P3	equ	176
   433  0000                     _PCON	equ	135
   434  0000                     _PSW	equ	208
   435  0000                     _SBUF	equ	153
   436  0000                     _SCON	equ	152
   437  0000                     _SP	equ	129
   438  0000                     _TCON	equ	136
   439  0000                     _TH0	equ	140
   440  0000                     _TH1	equ	141
   441  0000                     _TL0	equ	138
   442  0000                     _TL1	equ	139
   443  0000                     _TMOD	equ	137
   444  0000                     _ACC_BITS	equ	224
   445  0000                     _B_BITS	equ	240
   446  0000                     _IE_BITS	equ	168
   447  0000                     _IP_BITS	equ	184
   448  0000                     _P0_BITS	equ	128
   449  0000                     _P1_BITS	equ	144
   450  0000                     _P2_BITS	equ	160
   451  0000                     _P3_BITS	equ	176
   452  0000                     _PCON_BITS	equ	135
   453  0000                     _PSW_BITS	equ	208
   454  0000                     _SCON_BITS	equ	152
   455  0000                     _TCON_BITS	equ	136
   456  0000                     _TMOD_BITS	equ	137


HI-TECH Software 8051 Macro Assembler V9.60                                Page 2
Symbol Table                                           Wed Jun 05 19:03:31 2024

       ?a_main 00020              _B 000F0              l3 00228  
            l4 00225              l5 00130              _P 000D0  
            l6 00228              l7 0014C              l8 00145  
            l9 00145             _B0 000F0             _B1 000F1  
           _B2 000F2             _B3 000F3             _B4 000F4  
           _B5 000F5             _B6 000F6             _A8 000A0  
           _B7 000F7             _A9 000A1             _F0 000D5  
           _AC 000D6             l10 0014C             l11 00166  
           l20 00197             l12 0015F             l21 00197  
           l13 0015F             l30 001D2             l22 0019E  
           l14 00166             _EA 000AF             l31 001EF  
           l23 001B8             l15 00180             l40 0021C  
           l32 001E8             l24 001B1             l16 00179  
           l41 0021C             l33 001E8             l25 001B1  
           l17 00179             l42 00223             l34 001EF  
           l26 001B8             l18 00180             l35 00209  
           l27 001D2             l19 0019E             _P0 00080  
           l36 00202             l28 001CB             _P1 00090  
           l37 00202             l29 001CB             _P2 000A0  
           l38 00209             _P3 000B0             l39 00223  
           _IE 000A8             _T0 000B4             _T1 000B5  
           _ES 000AC             _CY 000D7             _IP 000B8  
           _RD 000B7             u10 00139             u11 00137  
           u20 0014C             _RI 00098             u21 0014A  
           u30 00153             u31 00151             u40 00166  
           _TI 00099             u41 00164             u50 0016D  
           _PS 000BC             u51 0016B             _OV 000D2  
           u60 00180             u61 0017E             _SP 00081  
           u70 0018B             u71 00189             u80 0019E  
           u81 0019C             u90 001A5             u91 001A3  
           _WR 000B6         _B_BITS 000F0            F158 00100  
          _A10 000A2            _A11 000A3            _A12 000A4  
          _A13 000A5            _A14 000A6            _A15 000A7  
          _AD0 00080            _AD1 00081            _AD2 00082  
          _AD3 00083            _AD4 00084            _AD5 00085  
          _AD6 00086            _AD7 00087            _ACC 000E0  
          _P00 00080            _P01 00081            _P10 00090  
          _P02 00082            _P11 00091            _P03 00083  
          _P20 000A0            _P12 00092            _P04 00084  
          _P21 000A1            _P13 00093            _P05 00085  
          _P30 000B0            _P22 000A2            _P14 00094  
          _P06 00086            _P31 000B1            _P23 000A3  
          _P15 00095            _P07 00087            _P32 000B2  
          _P24 000A4            _P16 00096            _P33 000B3  
          _P25 000A5            _P17 00097            _P34 000B4  
          _P26 000A6            _P35 000B5            _P27 000A7  
          _P36 000B6            _P37 000B7            _IE0 00089  
          _IE1 0008B            _ET0 000A9            _ET1 000AB  
          _EX0 000A8            _EX1 000AA            _DPH 00083  
          _DPL 00082            _IT0 00088            _IT1 0008A  
          _RB8 0009A            u100 001B8            u101 001B6  
          u110 001BF            u111 001BD            u120 001D2  
          u121 001D0            u130 001DD            u131 001DB  
          _TF0 0008D            _TB8 0009B            u140 001EF  
          _TF1 0008F            u141 001ED            u150 001F6  
          u151 001F4            _TH0 0008C            u160 00209  
          _TH1 0008D            u161 00207            u170 00210  
          u171 0020E            u180 00223            u181 00221  
          _SM0 0009F            _SM1 0009E            _TL0 0008A  
          _SM2 0009D            _PT0 000B9            _TL1 0008B  
          _PT1 000BB            _RS0 000D3            _RS1 000D4  
          _REN 0009C            _PX0 000B8            _PX1 000BA  
          _TR0 0008C            _TR1 0008E            _RXD 000B0  
          _PSW 000D0            _TXD 000B1        _P0_BITS 00080  
      _P1_BITS 00090        _P2_BITS 000A0        _P3_BITS 000B0  
      _IE_BITS 000A8       _ACC_BITS 000E0        _IP_BITS 000B8  
         f1410 0010C           f1411 00229           f1412 00000  
         _ACC0 000E0           _ACC1 000E1           _ACC2 000E2  
         _ACC3 000E3           _ACC4 000E4           _ACC5 000E5  
         _ACC6 000E6           _ACC7 000E7  stack_internal 00001  
         _INT0 000B2           _INT1 000B3           _PCON 00087  
         _SCON 00098           _SBUF 00099           _TCON 00088  
         _TMOD 00089           _main 00109       _PSW_BITS 000D0  
    _PCON_BITS 00087      _SCON_BITS 00098      _TCON_BITS 00088  
      str_copy 00019      _TMOD_BITS 00089  
